MPLINK 5.09, LINKER
Linker Map File - Created Thu Sep 19 09:57:43 2024

                                 Section Info
                  Section       Type    Address   Location Size(Bytes)
                ---------  ---------  ---------  ---------  ---------
                   .org_0       code   0x000000    program   0x00002a
                   .cinit    romdata   0x00002a    program   0x000002
.config_300001_BUILD/DEFAULT/DEBUG/BONUS.O    romdata   0x300001    program   0x000001
.config_300003_BUILD/DEFAULT/DEBUG/BONUS.O    romdata   0x300003    program   0x000001



                              Program Memory Usage 
                               Start         End      
                           ---------   ---------      
                            0x000000    0x00002b      
                            0x300001    0x300001      
                            0x300003    0x300003      
            46 out of 33048 program addresses used, program memory utilization is 0%



                              Symbols - Sorted by Name
                     Name    Address   Location    Storage File                     
                ---------  ---------  ---------  --------- ---------                
                 decrease   0x00001a    program     static C:\Users\user\MPLABXProjects\lab1.X\bonus.asm
                      fin   0x000020    program     static C:\Users\user\MPLABXProjects\lab1.X\bonus.asm
                      run   0x00000a    program     static C:\Users\user\MPLABXProjects\lab1.X\bonus.asm



                              Symbols - Sorted by Address
                     Name    Address   Location    Storage File                     
                ---------  ---------  ---------  --------- ---------                
                      run   0x00000a    program     static C:\Users\user\MPLABXProjects\lab1.X\bonus.asm
                 decrease   0x00001a    program     static C:\Users\user\MPLABXProjects\lab1.X\bonus.asm
                      fin   0x000020    program     static C:\Users\user\MPLABXProjects\lab1.X\bonus.asm


