MPLINK 5.09, LINKER
Linker Map File - Created Wed Oct 30 16:50:43 2024

                                 Section Info
                  Section       Type    Address   Location Size(Bytes)
                ---------  ---------  ---------  ---------  ---------
                   .org_0       code   0x000000    program   0x000030
                   .cinit    romdata   0x000030    program   0x000002
                    dbgP0       code   0x007dc0    program   0x000240
.config_300001_BUILD/DEFAULT/DEBUG/TEST.O    romdata   0x300001    program   0x000001
.config_300003_BUILD/DEFAULT/DEBUG/TEST.O    romdata   0x300003    program   0x000001
.config_300006_BUILD/DEFAULT/DEBUG/TEST.O    romdata   0x300006    program   0x000001
                    dbgD0      udata   0x0005f4       data   0x00000c



                              Program Memory Usage 
                               Start         End      
                           ---------   ---------      
                            0x000000    0x000031      
                            0x007dc0    0x007fff      
                            0x300001    0x300001      
                            0x300003    0x300003      
                            0x300006    0x300006      
            629 out of 33048 program addresses used, program memory utilization is 1%



                              Symbols - Sorted by Name
                     Name    Address   Location    Storage File                     
                ---------  ---------  ---------  --------- ---------                
                  _1LOOP1   0x00001c    program     static C:\Users\user\MPLABXProjects\lab6.X\test.asm
                  _1LOOP2   0x000018    program     static C:\Users\user\MPLABXProjects\lab6.X\test.asm
            check_process   0x00000c    program     static C:\Users\user\MPLABXProjects\lab6.X\test.asm
                      int   0x000000    program     static C:\Users\user\MPLABXProjects\lab6.X\test.asm
                  lightup   0x000012    program     static C:\Users\user\MPLABXProjects\lab6.X\test.asm
                    start   0x000000    program     static C:\Users\user\MPLABXProjects\lab6.X\test.asm



                              Symbols - Sorted by Address
                     Name    Address   Location    Storage File                     
                ---------  ---------  ---------  --------- ---------                
                      int   0x000000    program     static C:\Users\user\MPLABXProjects\lab6.X\test.asm
                    start   0x000000    program     static C:\Users\user\MPLABXProjects\lab6.X\test.asm
            check_process   0x00000c    program     static C:\Users\user\MPLABXProjects\lab6.X\test.asm
                  lightup   0x000012    program     static C:\Users\user\MPLABXProjects\lab6.X\test.asm
                  _1LOOP2   0x000018    program     static C:\Users\user\MPLABXProjects\lab6.X\test.asm
                  _1LOOP1   0x00001c    program     static C:\Users\user\MPLABXProjects\lab6.X\test.asm


