MPLINK 5.09, LINKER
Linker Map File - Created Thu Oct 17 10:16:32 2024

                                 Section Info
                  Section       Type    Address   Location Size(Bytes)
                ---------  ---------  ---------  ---------  ---------
                   .org_0       code   0x000000    program   0x000058
                   .cinit    romdata   0x000058    program   0x000002
.config_300001_BUILD/DEFAULT/DEBUG/BONUS.O    romdata   0x300001    program   0x000001
.config_300003_BUILD/DEFAULT/DEBUG/BONUS.O    romdata   0x300003    program   0x000001



                              Program Memory Usage 
                               Start         End      
                           ---------   ---------      
                            0x000000    0x000059      
                            0x300001    0x300001      
                            0x300003    0x300003      
            92 out of 33048 program addresses used, program memory utilization is 0%



                              Symbols - Sorted by Name
                     Name    Address   Location    Storage File                     
                ---------  ---------  ---------  --------- ---------                
                      dec   0x000036    program     static C:\Users\user\MPLABXProjects\lab4.X\bonus.asm
                      fib   0x00003e    program     static C:\Users\user\MPLABXProjects\lab4.X\bonus.asm
                   finish   0x000056    program     static C:\Users\user\MPLABXProjects\lab4.X\bonus.asm
                  initial   0x000000    program     static C:\Users\user\MPLABXProjects\lab4.X\bonus.asm
                      mov   0x000022    program     static C:\Users\user\MPLABXProjects\lab4.X\bonus.asm



                              Symbols - Sorted by Address
                     Name    Address   Location    Storage File                     
                ---------  ---------  ---------  --------- ---------                
                  initial   0x000000    program     static C:\Users\user\MPLABXProjects\lab4.X\bonus.asm
                      mov   0x000022    program     static C:\Users\user\MPLABXProjects\lab4.X\bonus.asm
                      dec   0x000036    program     static C:\Users\user\MPLABXProjects\lab4.X\bonus.asm
                      fib   0x00003e    program     static C:\Users\user\MPLABXProjects\lab4.X\bonus.asm
                   finish   0x000056    program     static C:\Users\user\MPLABXProjects\lab4.X\bonus.asm


