MPLINK 5.09, LINKER
Linker Map File - Created Thu Oct 03 12:09:22 2024

                                 Section Info
                  Section       Type    Address   Location Size(Bytes)
                ---------  ---------  ---------  ---------  ---------
                   .org_0       code   0x000000    program   0x000084
                   .cinit    romdata   0x000084    program   0x000002
.config_300001_BUILD/DEFAULT/DEBUG/BONUS.O    romdata   0x300001    program   0x000001
.config_300003_BUILD/DEFAULT/DEBUG/BONUS.O    romdata   0x300003    program   0x000001



                              Program Memory Usage 
                               Start         End      
                           ---------   ---------      
                            0x000000    0x000085      
                            0x300001    0x300001      
                            0x300003    0x300003      
            136 out of 33048 program addresses used, program memory utilization is 0%



                              Symbols - Sorted by Name
                     Name    Address   Location    Storage File                     
                ---------  ---------  ---------  --------- ---------                
                   check1   0x00003e    program     static C:\Users\user\MPLABXProjects\lab3.X\bonus.asm
                 check1_1   0x000050    program     static C:\Users\user\MPLABXProjects\lab3.X\bonus.asm
                   check2   0x000062    program     static C:\Users\user\MPLABXProjects\lab3.X\bonus.asm
                      fin   0x00007a    program     static C:\Users\user\MPLABXProjects\lab3.X\bonus.asm
                 testmin1   0x000016    program     static C:\Users\user\MPLABXProjects\lab3.X\bonus.asm
                 testmin2   0x00002a    program     static C:\Users\user\MPLABXProjects\lab3.X\bonus.asm
                       up   0x000074    program     static C:\Users\user\MPLABXProjects\lab3.X\bonus.asm



                              Symbols - Sorted by Address
                     Name    Address   Location    Storage File                     
                ---------  ---------  ---------  --------- ---------                
                 testmin1   0x000016    program     static C:\Users\user\MPLABXProjects\lab3.X\bonus.asm
                 testmin2   0x00002a    program     static C:\Users\user\MPLABXProjects\lab3.X\bonus.asm
                   check1   0x00003e    program     static C:\Users\user\MPLABXProjects\lab3.X\bonus.asm
                 check1_1   0x000050    program     static C:\Users\user\MPLABXProjects\lab3.X\bonus.asm
                   check2   0x000062    program     static C:\Users\user\MPLABXProjects\lab3.X\bonus.asm
                       up   0x000074    program     static C:\Users\user\MPLABXProjects\lab3.X\bonus.asm
                      fin   0x00007a    program     static C:\Users\user\MPLABXProjects\lab3.X\bonus.asm


