MPLINK 5.09, LINKER
Linker Map File - Created Thu Nov 21 09:30:28 2024

                                 Section Info
                  Section       Type    Address   Location Size(Bytes)
                ---------  ---------  ---------  ---------  ---------
                   .org_0       code   0x000000    program   0x000004
                   .cinit    romdata   0x000004    program   0x000002
                   .org_1       code   0x000008    program   0x000260
                    dbgP0       code   0x007dc0    program   0x000240
.config_300001_BUILD/DEFAULT/DEBUG/BONUS.O    romdata   0x300001    program   0x000001
.config_300002_BUILD/DEFAULT/DEBUG/BONUS.O    romdata   0x300002    program   0x000001
.config_300003_BUILD/DEFAULT/DEBUG/BONUS.O    romdata   0x300003    program   0x000001
.config_300005_BUILD/DEFAULT/DEBUG/BONUS.O    romdata   0x300005    program   0x000001
.config_300006_BUILD/DEFAULT/DEBUG/BONUS.O    romdata   0x300006    program   0x000001
.config_300008_BUILD/DEFAULT/DEBUG/BONUS.O    romdata   0x300008    program   0x000001
.config_300009_BUILD/DEFAULT/DEBUG/BONUS.O    romdata   0x300009    program   0x000001
.config_30000A_BUILD/DEFAULT/DEBUG/BONUS.O    romdata   0x30000a    program   0x000001
.config_30000B_BUILD/DEFAULT/DEBUG/BONUS.O    romdata   0x30000b    program   0x000001
.config_30000C_BUILD/DEFAULT/DEBUG/BONUS.O    romdata   0x30000c    program   0x000001
.config_30000D_BUILD/DEFAULT/DEBUG/BONUS.O    romdata   0x30000d    program   0x000001
                    dbgD0      udata   0x0005f4       data   0x00000c



                              Program Memory Usage 
                               Start         End      
                           ---------   ---------      
                            0x000000    0x000005      
                            0x000008    0x000267      
                            0x007dc0    0x007fff      
                            0x300001    0x300003      
                            0x300005    0x300006      
                            0x300008    0x30000d      
            1201 out of 33048 program addresses used, program memory utilization is 3%



                              Symbols - Sorted by Name
                     Name    Address   Location    Storage File                     
                ---------  ---------  ---------  --------- ---------                
                      ISR   0x000004    program     static C:\Users\user\MPLABXProjects\lab7.X\bonus.asm
                  Initial   0x000020    program     static C:\Users\user\MPLABXProjects\lab7.X\bonus.asm
                  _1LOOP1   0x00012e    program     static C:\Users\user\MPLABXProjects\lab7.X\bonus.asm
                  _1LOOP2   0x00012a    program     static C:\Users\user\MPLABXProjects\lab7.X\bonus.asm
                  _2LOOP1   0x000168    program     static C:\Users\user\MPLABXProjects\lab7.X\bonus.asm
                  _2LOOP2   0x000164    program     static C:\Users\user\MPLABXProjects\lab7.X\bonus.asm
                  _3LOOP1   0x0001a2    program     static C:\Users\user\MPLABXProjects\lab7.X\bonus.asm
                  _3LOOP2   0x00019e    program     static C:\Users\user\MPLABXProjects\lab7.X\bonus.asm
                  _4LOOP1   0x0001dc    program     static C:\Users\user\MPLABXProjects\lab7.X\bonus.asm
                  _4LOOP2   0x0001d8    program     static C:\Users\user\MPLABXProjects\lab7.X\bonus.asm
                  _5LOOP1   0x000216    program     static C:\Users\user\MPLABXProjects\lab7.X\bonus.asm
                  _5LOOP2   0x000212    program     static C:\Users\user\MPLABXProjects\lab7.X\bonus.asm
                  _6LOOP1   0x00024a    program     static C:\Users\user\MPLABXProjects\lab7.X\bonus.asm
                  _6LOOP2   0x000246    program     static C:\Users\user\MPLABXProjects\lab7.X\bonus.asm
                  c_1_t_2   0x00010c    program     static C:\Users\user\MPLABXProjects\lab7.X\bonus.asm
                  c_2_t_3   0x000146    program     static C:\Users\user\MPLABXProjects\lab7.X\bonus.asm
                  c_3_t_4   0x000180    program     static C:\Users\user\MPLABXProjects\lab7.X\bonus.asm
                  c_4_t_5   0x0001ba    program     static C:\Users\user\MPLABXProjects\lab7.X\bonus.asm
                  c_5_t_6   0x0001f4    program     static C:\Users\user\MPLABXProjects\lab7.X\bonus.asm
                  c_6_t_1   0x00022e    program     static C:\Users\user\MPLABXProjects\lab7.X\bonus.asm
                   change   0x0000d6    program     static C:\Users\user\MPLABXProjects\lab7.X\bonus.asm
                     main   0x000050    program     static C:\Users\user\MPLABXProjects\lab7.X\bonus.asm
                       s1   0x00006a    program     static C:\Users\user\MPLABXProjects\lab7.X\bonus.asm
                       s2   0x00007c    program     static C:\Users\user\MPLABXProjects\lab7.X\bonus.asm
                       s3   0x00008e    program     static C:\Users\user\MPLABXProjects\lab7.X\bonus.asm
                       s4   0x0000a0    program     static C:\Users\user\MPLABXProjects\lab7.X\bonus.asm
                       s5   0x0000b2    program     static C:\Users\user\MPLABXProjects\lab7.X\bonus.asm
                       s6   0x0000c4    program     static C:\Users\user\MPLABXProjects\lab7.X\bonus.asm



                              Symbols - Sorted by Address
                     Name    Address   Location    Storage File                     
                ---------  ---------  ---------  --------- ---------                
                      ISR   0x000004    program     static C:\Users\user\MPLABXProjects\lab7.X\bonus.asm
                  Initial   0x000020    program     static C:\Users\user\MPLABXProjects\lab7.X\bonus.asm
                     main   0x000050    program     static C:\Users\user\MPLABXProjects\lab7.X\bonus.asm
                       s1   0x00006a    program     static C:\Users\user\MPLABXProjects\lab7.X\bonus.asm
                       s2   0x00007c    program     static C:\Users\user\MPLABXProjects\lab7.X\bonus.asm
                       s3   0x00008e    program     static C:\Users\user\MPLABXProjects\lab7.X\bonus.asm
                       s4   0x0000a0    program     static C:\Users\user\MPLABXProjects\lab7.X\bonus.asm
                       s5   0x0000b2    program     static C:\Users\user\MPLABXProjects\lab7.X\bonus.asm
                       s6   0x0000c4    program     static C:\Users\user\MPLABXProjects\lab7.X\bonus.asm
                   change   0x0000d6    program     static C:\Users\user\MPLABXProjects\lab7.X\bonus.asm
                  c_1_t_2   0x00010c    program     static C:\Users\user\MPLABXProjects\lab7.X\bonus.asm
                  _1LOOP2   0x00012a    program     static C:\Users\user\MPLABXProjects\lab7.X\bonus.asm
                  _1LOOP1   0x00012e    program     static C:\Users\user\MPLABXProjects\lab7.X\bonus.asm
                  c_2_t_3   0x000146    program     static C:\Users\user\MPLABXProjects\lab7.X\bonus.asm
                  _2LOOP2   0x000164    program     static C:\Users\user\MPLABXProjects\lab7.X\bonus.asm
                  _2LOOP1   0x000168    program     static C:\Users\user\MPLABXProjects\lab7.X\bonus.asm
                  c_3_t_4   0x000180    program     static C:\Users\user\MPLABXProjects\lab7.X\bonus.asm
                  _3LOOP2   0x00019e    program     static C:\Users\user\MPLABXProjects\lab7.X\bonus.asm
                  _3LOOP1   0x0001a2    program     static C:\Users\user\MPLABXProjects\lab7.X\bonus.asm
                  c_4_t_5   0x0001ba    program     static C:\Users\user\MPLABXProjects\lab7.X\bonus.asm
                  _4LOOP2   0x0001d8    program     static C:\Users\user\MPLABXProjects\lab7.X\bonus.asm
                  _4LOOP1   0x0001dc    program     static C:\Users\user\MPLABXProjects\lab7.X\bonus.asm
                  c_5_t_6   0x0001f4    program     static C:\Users\user\MPLABXProjects\lab7.X\bonus.asm
                  _5LOOP2   0x000212    program     static C:\Users\user\MPLABXProjects\lab7.X\bonus.asm
                  _5LOOP1   0x000216    program     static C:\Users\user\MPLABXProjects\lab7.X\bonus.asm
                  c_6_t_1   0x00022e    program     static C:\Users\user\MPLABXProjects\lab7.X\bonus.asm
                  _6LOOP2   0x000246    program     static C:\Users\user\MPLABXProjects\lab7.X\bonus.asm
                  _6LOOP1   0x00024a    program     static C:\Users\user\MPLABXProjects\lab7.X\bonus.asm


