MPLINK 5.09, LINKER
Linker Map File - Created Thu Sep 26 09:27:42 2024

                                 Section Info
                  Section       Type    Address   Location Size(Bytes)
                ---------  ---------  ---------  ---------  ---------
                   .org_0       code   0x000000    program   0x0000a4
                   .cinit    romdata   0x0000a4    program   0x000002
.config_300001_BUILD/DEFAULT/DEBUG/BONUS.O    romdata   0x300001    program   0x000001
.config_300003_BUILD/DEFAULT/DEBUG/BONUS.O    romdata   0x300003    program   0x000001



                              Program Memory Usage 
                               Start         End      
                           ---------   ---------      
                            0x000000    0x0000a5      
                            0x300001    0x300001      
                            0x300003    0x300003      
            168 out of 33048 program addresses used, program memory utilization is 0%



                              Symbols - Sorted by Name
                     Name    Address   Location    Storage File                     
                ---------  ---------  ---------  --------- ---------                
                    check   0x000046    program     static C:\Users\user\MPLABXProjects\lab2.X\bonus.asm
                    cont1   0x00005e    program     static C:\Users\user\MPLABXProjects\lab2.X\bonus.asm
                    cont2   0x00008a    program     static C:\Users\user\MPLABXProjects\lab2.X\bonus.asm
                      fin   0x0000a2    program     static C:\Users\user\MPLABXProjects\lab2.X\bonus.asm
                    lower   0x00006e    program     static C:\Users\user\MPLABXProjects\lab2.X\bonus.asm
                 notfound   0x00009a    program     static C:\Users\user\MPLABXProjects\lab2.X\bonus.asm
                      run   0x000038    program     static C:\Users\user\MPLABXProjects\lab2.X\bonus.asm
                    setup   0x000000    program     static C:\Users\user\MPLABXProjects\lab2.X\bonus.asm
                    still   0x000078    program     static C:\Users\user\MPLABXProjects\lab2.X\bonus.asm



                              Symbols - Sorted by Address
                     Name    Address   Location    Storage File                     
                ---------  ---------  ---------  --------- ---------                
                    setup   0x000000    program     static C:\Users\user\MPLABXProjects\lab2.X\bonus.asm
                      run   0x000038    program     static C:\Users\user\MPLABXProjects\lab2.X\bonus.asm
                    check   0x000046    program     static C:\Users\user\MPLABXProjects\lab2.X\bonus.asm
                    cont1   0x00005e    program     static C:\Users\user\MPLABXProjects\lab2.X\bonus.asm
                    lower   0x00006e    program     static C:\Users\user\MPLABXProjects\lab2.X\bonus.asm
                    still   0x000078    program     static C:\Users\user\MPLABXProjects\lab2.X\bonus.asm
                    cont2   0x00008a    program     static C:\Users\user\MPLABXProjects\lab2.X\bonus.asm
                 notfound   0x00009a    program     static C:\Users\user\MPLABXProjects\lab2.X\bonus.asm
                      fin   0x0000a2    program     static C:\Users\user\MPLABXProjects\lab2.X\bonus.asm


