MPLINK 5.09, LINKER
Linker Map File - Created Thu Nov 14 21:37:03 2024

                                 Section Info
                  Section       Type    Address   Location Size(Bytes)
                ---------  ---------  ---------  ---------  ---------
                   .org_0       code   0x000000    program   0x0000a4
                   .cinit    romdata   0x0000a4    program   0x000002
.config_300001_BUILD/DEFAULT/DEBUG/Q2B.O    romdata   0x300001    program   0x000001
.config_300003_BUILD/DEFAULT/DEBUG/Q2B.O    romdata   0x300003    program   0x000001



                              Program Memory Usage 
                               Start         End      
                           ---------   ---------      
                            0x000000    0x0000a5      
                            0x300001    0x300001      
                            0x300003    0x300003      
            168 out of 33048 program addresses used, program memory utilization is 0%



                              Symbols - Sorted by Name
                     Name    Address   Location    Storage File                     
                ---------  ---------  ---------  --------- ---------                
                      add   0x00004a    program     static C:\Users\user\MPLABXProjects\exam_mid.X\Q2b.asm
                     add1   0x00008c    program     static C:\Users\user\MPLABXProjects\exam_mid.X\Q2b.asm
                   check0   0x00002a    program     static C:\Users\user\MPLABXProjects\exam_mid.X\Q2b.asm
                   check1   0x00006a    program     static C:\Users\user\MPLABXProjects\exam_mid.X\Q2b.asm
                   finish   0x0000a2    program     static C:\Users\user\MPLABXProjects\exam_mid.X\Q2b.asm
                  initial   0x000000    program     static C:\Users\user\MPLABXProjects\exam_mid.X\Q2b.asm



                              Symbols - Sorted by Address
                     Name    Address   Location    Storage File                     
                ---------  ---------  ---------  --------- ---------                
                  initial   0x000000    program     static C:\Users\user\MPLABXProjects\exam_mid.X\Q2b.asm
                   check0   0x00002a    program     static C:\Users\user\MPLABXProjects\exam_mid.X\Q2b.asm
                      add   0x00004a    program     static C:\Users\user\MPLABXProjects\exam_mid.X\Q2b.asm
                   check1   0x00006a    program     static C:\Users\user\MPLABXProjects\exam_mid.X\Q2b.asm
                     add1   0x00008c    program     static C:\Users\user\MPLABXProjects\exam_mid.X\Q2b.asm
                   finish   0x0000a2    program     static C:\Users\user\MPLABXProjects\exam_mid.X\Q2b.asm


